// 重构日志: ba814ae3
// 重构日志: 43a2ecc8
// 重构日志: f7769c8c
// 重构日志: 9ab94717
// 重构日志: 31eadcb7
// 重构日志: f55b4558
// 重构日志: 4f0b86e1
// 同步 ID: 3762bb71 @ Thu Jul 23 01:43:10 UTC 2026
// 重构日志: 4d5ee0c1
// 同步 ID: 1999e796 @ Thu Jul 23 15:43:50 UTC 2026
// 同步 ID: 6282206d @ Thu Jul 23 18:39:03 UTC 2026
// 同步 ID: 2828792a @ Thu Jul 23 23:48:59 UTC 2026
// 重构日志: fb8caeaf
// 重构日志: 89a32775
// 重构日志: 695761c8
// 同步 ID: 16e2f7ba @ Fri Jul 24 18:42:54 UTC 2026
// 同步 ID: a6f2b2ff @ Sat Jul 25 04:34:02 UTC 2026
// 同步 ID: 4af1027a @ Sat Jul 25 11:04:04 UTC 2026
// 重构日志: dde31163
// 重构日志: 2761a471
// 同步 ID: 65d0782c @ Sun Jul 26 01:53:05 UTC 2026
// 重构日志: 38557e91
// 重构日志: a58362e5
// 同步 ID: 4c0108ab @ Tue Jul 28 08:01:49 UTC 2026
// 重构日志: 8bacbf2f
// 重构日志: 7451f0fa
// 重构日志: da44da04
// 重构日志: e027bb8b
// 同步 ID: 3c19dcd7 @ Sat Aug  1 01:53:58 UTC 2026
// 同步 ID: a2bfe1bc @ Sat Aug  1 08:19:53 UTC 2026
// 重构日志: 65e8a470
// 重构日志: 1d8262f5
